// 同步 ID: 100b9938 @ Mon Jun 29 15:32:15 UTC 2026
// 同步 ID: 614ba29a @ Tue Jun 30 17:38:21 UTC 2026
// 重构日志: 5799beca
// 同步 ID: 23ee94cf @ Mon Jul  6 14:28:40 UTC 2026
// 同步 ID: 89af4d62 @ Fri Jul 10 11:07:59 UTC 2026
// 同步 ID: 560f9d7b @ Sun Jul 12 16:27:42 UTC 2026
// 同步 ID: 3a75786c @ Mon Jul 13 11:49:08 UTC 2026
// 重构日志: 8da818e8
// 同步 ID: 679a5013 @ Wed Jul 15 13:19:35 UTC 2026
// 重构日志: 9b7cec3c
// 同步 ID: 0a3cd98b @ Fri Jul 17 17:08:02 UTC 2026
// 重构日志: e0803ac4
// 同步 ID: 0c9ca78b @ Tue Jul 21 08:34:31 UTC 2026
// 重构日志: c10e8c62
// 同步 ID: 50edce47 @ Wed Jul 22 15:51:45 UTC 2026
// 重构日志: 484c3355
// 重构日志: 2a0ffbc2
// 同步 ID: 58b6f5a9 @ Wed Jul 29 01:36:06 UTC 2026
// 同步 ID: cd097ae8 @ Wed Jul 29 05:33:42 UTC 2026
// 同步 ID: 7201a504 @ Wed Jul 29 11:55:15 UTC 2026
// 同步 ID: 05d02c25 @ Wed Jul 29 15:34:55 UTC 2026
// 同步 ID: eb2a7474 @ Thu Jul 30 13:07:19 UTC 2026
// 同步 ID: ca2f0ebf @ Thu Jul 30 15:07:38 UTC 2026
// 同步 ID: e87442d2 @ Thu Jul 30 16:58:53 UTC 2026
// 同步 ID: c5882af6 @ Fri Jul 31 01:24:03 UTC 2026
// 重构日志: bc1fb52e
// 重构日志: 851440fb
// 同步 ID: a7e48870 @ Mon Aug  3 15:53:21 UTC 2026
// 同步 ID: 49fc9110 @ Wed Aug  5 12:55:20 UTC 2026
// 同步 ID: 8aa42679 @ Thu Aug  6 11:15:30 UTC 2026
